main.c:65:5:SW1	8	static
main.c:70:5:SW2	8	static
main.c:75:5:SW3	8	static
main.c:80:5:SW4	8	static
main.c:85:5:SW5	8	static
main.c:90:5:SW6	8	static
main.c:95:5:SW7	8	static
main.c:100:5:SW8	8	static
main.c:105:6:motor1	16	static
main.c:145:6:motor2	16	static
main.c:185:6:motor3	16	static
main.c:231:5:main	16	static
main.c:363:6:SystemClock_Config	96	static
main.c:407:13:MX_TIM1_Init	72	static
main.c:502:13:MX_TIM2_Init	64	static
main.c:565:13:MX_GPIO_Init	40	static
main.c:598:6:Error_Handler	4	static
